Python-Selve Test-Bericht
========================================

Datum: 2025-08-07 10:38:14
Python-Version: 3.10.6 (tags/v3.10.6:9c7b4bd, Aug  1 2022, 21:53:49) [MSC v.1932 64 bit (AMD64)]
Plattform: Windows-10-10.0.26100-SP0
Projekt-Pfad: C:\Users\Stefan\Documents\Projekte\python-selve-new

Setup-Konfiguration:
  - Virtuelle Umgebung: Ja
  - Schneller Modus: Nein
  - Hardware erkannt: Ja
  - Hardware erzwungen: Nein

Test-Ergebnisse:
  - Gesamt-Status: ✗ FEHLGESCHLAGEN
